// Jest Snapshot v1, https://goo.gl/fbAQLP

exports[`renders correctly 1`] = `
<View
  style={
    {
      "alignItems": "center",
      "backgroundColor": "#FFF",
      "flex": 1,
      "justifyContent": "center",
    }
  }
>
  <Text
    style={
      {
        "color": "#56526A",
        "fontSize": 90,
        "marginBottom": 20,
      }
    }
  >
    00:00
  </Text>
  <View
    accessibilityState={
      {
        "busy": undefined,
        "checked": undefined,
        "disabled": undefined,
        "expanded": undefined,
        "selected": undefined,
      }
    }
    accessibilityValue={
      {
        "max": undefined,
        "min": undefined,
        "now": undefined,
        "text": undefined,
      }
    }
    accessible={true}
    collapsable={false}
    focusable={true}
    onClick={[Function]}
    onResponderGrant={[Function]}
    onResponderMove={[Function]}
    onResponderRelease={[Function]}
    onResponderTerminate={[Function]}
    onResponderTerminationRequest={[Function]}
    onStartShouldSetResponder={[Function]}
    style={
      {
        "alignItems": "center",
        "borderColor": "#F09A36",
        "borderRadius": 300,
        "borderWidth": 8,
        "height": 300,
        "justifyContent": "center",
        "opacity": 1,
        "width": 300,
      }
    }
  >
    <Text
      style={
        {
          "color": "#F09A36",
          "fontSize": 45,
        }
      }
    >
      Start
    </Text>
  </View>
  <View
    accessibilityState={
      {
        "busy": undefined,
        "checked": undefined,
        "disabled": undefined,
        "expanded": undefined,
        "selected": undefined,
      }
    }
    accessibilityValue={
      {
        "max": undefined,
        "min": undefined,
        "now": undefined,
        "text": undefined,
      }
    }
    accessible={true}
    collapsable={false}
    focusable={true}
    onClick={[Function]}
    onResponderGrant={[Function]}
    onResponderMove={[Function]}
    onResponderRelease={[Function]}
    onResponderTerminate={[Function]}
    onResponderTerminationRequest={[Function]}
    onStartShouldSetResponder={[Function]}
    style={
      {
        "alignItems": "center",
        "borderColor": "#56526A",
        "borderRadius": 300,
        "borderWidth": 8,
        "height": 214.28571428571428,
        "justifyContent": "center",
        "marginTop": 20,
        "opacity": 1,
        "width": 214.28571428571428,
      }
    }
  >
    <Text
      style={
        [
          {
            "color": "#F09A36",
            "fontSize": 45,
          },
          {
            "color": "#56526A",
            "fontSize": 30,
          },
        ]
      }
    >
      Reset
    </Text>
  </View>
</View>
`;
